// Jest Snapshot v1, https://goo.gl/fbAQLP

exports[`FilterBar component with mock hook FilterBar snapshot 1`] = `
{
  "asFragment": [Function],
  "baseElement": <body>
    <div>
      <div
        class="filter__bar"
      >
        <div
          class="container"
        >
          <ul
            class="genre__list"
          >
            <li
              class="genre__item upper__text "
            >
              all
            </li>
            <li
              class="genre__item upper__text "
            >
              Fantasy
            </li>
            <li
              class="genre__item upper__text "
            >
              Adventure
            </li>
            <li
              class="genre__item upper__text "
            >
              Science Fiction
            </li>
            <li
              class="genre__item upper__text "
            >
              Drama
            </li>
          </ul>
          <div
            class="filter__bar__line"
          >
            <div
              class="filter__bar__active__line"
            />
          </div>
          <div
            class="sort__bar__container upper__text"
          >
            <div
              class="label"
            >
              sort by
            </div>
            <div>
              <div
                class="select"
              >
                <div
                  class="active__item"
                >
                  test
                </div>
                <img
                  alt="close"
                  class="select__img "
                  src="[object Object]"
                />
              </div>
            </div>
          </div>
        </div>
      </div>
    </div>
  </body>,
  "container": <div>
    <div
      class="filter__bar"
    >
      <div
        class="container"
      >
        <ul
          class="genre__list"
        >
          <li
            class="genre__item upper__text "
          >
            all
          </li>
          <li
            class="genre__item upper__text "
          >
            Fantasy
          </li>
          <li
            class="genre__item upper__text "
          >
            Adventure
          </li>
          <li
            class="genre__item upper__text "
          >
            Science Fiction
          </li>
          <li
            class="genre__item upper__text "
          >
            Drama
          </li>
        </ul>
        <div
          class="filter__bar__line"
        >
          <div
            class="filter__bar__active__line"
          />
        </div>
        <div
          class="sort__bar__container upper__text"
        >
          <div
            class="label"
          >
            sort by
          </div>
          <div>
            <div
              class="select"
            >
              <div
                class="active__item"
              >
                test
              </div>
              <img
                alt="close"
                class="select__img "
                src="[object Object]"
              />
            </div>
          </div>
        </div>
      </div>
    </div>
  </div>,
  "debug": [Function],
  "findAllByAltText": [Function],
  "findAllByDisplayValue": [Function],
  "findAllByLabelText": [Function],
  "findAllByPlaceholderText": [Function],
  "findAllByRole": [Function],
  "findAllByTestId": [Function],
  "findAllByText": [Function],
  "findAllByTitle": [Function],
  "findByAltText": [Function],
  "findByDisplayValue": [Function],
  "findByLabelText": [Function],
  "findByPlaceholderText": [Function],
  "findByRole": [Function],
  "findByTestId": [Function],
  "findByText": [Function],
  "findByTitle": [Function],
  "getAllByAltText": [Function],
  "getAllByDisplayValue": [Function],
  "getAllByLabelText": [Function],
  "getAllByPlaceholderText": [Function],
  "getAllByRole": [Function],
  "getAllByTestId": [Function],
  "getAllByText": [Function],
  "getAllByTitle": [Function],
  "getByAltText": [Function],
  "getByDisplayValue": [Function],
  "getByLabelText": [Function],
  "getByPlaceholderText": [Function],
  "getByRole": [Function],
  "getByTestId": [Function],
  "getByText": [Function],
  "getByTitle": [Function],
  "queryAllByAltText": [Function],
  "queryAllByDisplayValue": [Function],
  "queryAllByLabelText": [Function],
  "queryAllByPlaceholderText": [Function],
  "queryAllByRole": [Function],
  "queryAllByTestId": [Function],
  "queryAllByText": [Function],
  "queryAllByTitle": [Function],
  "queryByAltText": [Function],
  "queryByDisplayValue": [Function],
  "queryByLabelText": [Function],
  "queryByPlaceholderText": [Function],
  "queryByRole": [Function],
  "queryByTestId": [Function],
  "queryByText": [Function],
  "queryByTitle": [Function],
  "rerender": [Function],
  "unmount": [Function],
}
`;
